01e00000 T _start
01e00020 t _undefined_instruction
01e00024 t _software_interrupt
01e00028 t _prefetch_abort
01e0002c t _data_abort
01e00030 t _not_used
01e00034 t _irq
01e00038 t _fiq
01e0003c t _pad
01e00040 T _end_vect
01e00040 t _TEXT_BASE
01e00044 T _armboot_start
01e00048 T _bss_start
01e0004c T _bss_end
01e00050 T BOOT_ARGUMENT_LOCATION
01e00054 t reset
01e00070 t relocate
01e00090 t copy_loop
01e000a0 t stack_setup
01e000b4 t clear_bss
01e000c0 t clbss_l
01e000d4 t _start_armboot
01e000d8 t cpu_init_crit
01e00120 t undefined_instruction
01e00180 t software_interrupt
01e001e0 t prefetch_abort
01e00240 t data_abort
01e002a0 t not_used
01e00300 t irq
01e00360 t fiq
01e003b8 T v7_invalidate_dcache_all
01e003d8 t ci_way_loop
01e003dc t ci_set_loop
01e00420 t _TEXT_BASE
01e00424 T lowlevel_init
01e0044c t SRAM_STACK
01e00450 T __aeabi_llsl
01e00450 T __ashldi3
01e00480 T __aeabi_idiv
01e00480 T __divsi3
01e00598 t Ldiv0
01e005c0 T __aeabi_llsr
01e005c0 T __lshrdi3
01e005e0 T __modsi3
01e006b4 t Ldiv0
01e006e0 T __aeabi_uidiv
01e006e0 T __udivsi3
01e006f8 t Loop1
01e0070c t Lbignum
01e00720 t Loop3
01e00760 t Lgot_result
01e00768 t Ldiv0
01e00778 T __aeabi_uidivmod
01e00790 T __aeabi_idivmod
01e007a8 T __umodsi3
01e007bc t Loop1
01e007d0 t Lbignum
01e007e4 t Loop3
01e0084c t Ldiv0
01e0085c T hang
01e00870 t display_banner
01e00898 t display_dram_config
01e00918 t init_baudrate
01e00978 T start_armboot
01e00bdc T disable_interrupts
01e00be4 T interrupt_init
01e00bec T reset_cpu
01e00bf0 T show_regs
01e00d64 T bad_mode
01e00d84 T do_irq
01e00dac T do_fiq
01e00dd4 T do_not_used
01e00dfc T do_data_abort
01e00e24 T do_prefetch_abort
01e00e4c T do_software_interrupt
01e00e74 T do_undefined_instruction
01e00e9c T do_help
01e00ee8 T envmatch
01e00f44 T getenv_r
01e00ff8 T getenv
01e01068 T _do_setenv
01e014b0 T do_setenv
01e014dc T setenv
01e01530 t printenv
01e01618 T do_printenv
01e016b8 T do_version
01e016e0 T cmd_usage
01e0174c T find_cmd_tbl
01e017e4 T find_cmd
01e01818 T _do_help
01e019b4 t console_setfile
01e01a5c T fgetc
01e01a88 T ftstc
01e01ab4 T fputc
01e01ae4 T fputs
01e01b14 T had_ctrlc
01e01b28 T clear_ctrlc
01e01b40 T console_init_f
01e01b50 T search_device
01e01b78 T console_assign
01e01bb8 T puts
01e01bd4 T vprintf
01e01c00 T printf
01e01c40 T putc
01e01c60 T tstc
01e01c78 T getc
01e01c90 T ctrlc
01e01ce0 T sbrk
01e01d34 T malloc_trim
01e01e1c T free
01e02070 T malloc
01e02738 T calloc
01e0281c T mem_malloc_init
01e02868 T env_get_char_memory
01e02894 T env_get_addr
01e028c0 T env_get_char
01e028f4 T env_crc_update
01e02924 T set_default_env
01e02970 T env_relocate
01e029d0 T env_relocate_spec
01e029d4 T env_get_char_spec
01e029e0 T env_init
01e029fc t dummy
01e02a00 T get_version
01e02a08 T jumptable_init
01e02cb4 T parse_line
01e02d58 T run_command
01e03100 t delete_char
01e031f4 T readline_into_buffer
01e033ec T readline
01e03408 T main_loop
01e03518 T stdio_clone
01e03560 T stdio_register
01e035a4 T stdio_init
01e03658 T stdio_get_by_name
01e036a8 T system_init
01e036b8 T dram_init
01e037f8 T get_bank_nr
01e03808 T memory_size
01e0384c T mt65xx_sw_env
01e0386c T get_board_rev
01e03878 T misc_init_r
01e039ac T board_init
01e03a84 T isink0_init
01e03ac4 T mt65xx_leds_brightness_set
01e03f4c T mt65xx_backlight_off
01e03f70 T leds_init
01e03f8c T mt65xx_backlight_on
01e03fb0 T leds_battery_medium_charging
01e03fe4 T leds_battery_low_charging
01e04018 T leds_battery_full_charging
01e0404c T meta_mode_check
01e0407c T get_chip_eco_ver
01e04088 T boot_mode_select
01e040e8 T mboot_recovery_load_raw_part
01e0419c T mboot_recovery_load_misc
01e041e8 T mboot_android_load_factoryimg_hdr
01e043b0 T mboot_android_load_recoveryimg_hdr
01e0461c T mboot_android_load_bootimg_hdr
01e048d8 T mboot_android_check_img_info
01e049d8 T mboot_android_load_factoryimg
01e04a6c T mboot_android_load_recoveryimg
01e04bec T mboot_android_load_bootimg
01e04d6c T mboot_common_load_part
01e04f84 T mboot_common_load_logo
01e04f98 t unstuff_bits
01e04fd8 T mmc_get_host
01e04ff0 T mmc_get_card
01e0500c T mmc_addr_trans_tbl_init
01e05308 T mmc_init_host
01e05330 t mmc_cmd
01e05364 t mmc_send_if_cond
01e053d4 t mmc_app_cmd
01e05450 T mmc_set_card_detect
01e05494 T mmc_select_card
01e054d8 T mmc_send_status
01e0552c T mmc_switch
01e05604 T mmc_go_idle
01e0563c t mmc_send_app_op_cond
01e056d4 t mmc_send_op_cond
01e05778 T mmc_set_blk_length
01e057d4 T mmc_read_ext_csd
01e05a08 t mmc_switch_part
01e05ac0 t mmc_virt_to_phys
01e05b30 T mmc_set_clock
01e05b5c t mmc_dev_bwrite
01e05c5c T mmc_block_write
01e05da0 T mmc_wrap_bwrite
01e05dbc T mmc_dev_bread
01e05e68 T mmc_block_read
01e05fac T mmc_wrap_bread
01e05fc8 T mmc_set_bus_width
01e06178 t mmc_sd_switch.clone.0
01e0621c T mmc_switch_hs
01e06294 T mmc_init_mem_card
01e07418 T mmc_init_card
01e076f0 T mmc_legacy_init
01e07840 T msdc_uffs
01e07890 T msdc_ntohl
01e078c0 T msdc_set_field
01e078ec T msdc_get_field
01e0791c T msdc_flush_membuf
01e07920 T msdc_cal_checksum
01e0794c T msdc_queue_bd
01e07998 T msdc_add_gpd
01e079f4 T msdc_reset_gpd
01e07a10 T msdc_set_blknum
01e07a1c T msdc_set_autocmd
01e07a38 T msdc_intr_wait
01e07a58 T msdc_intr_unmask
01e07a6c T msdc_sg_init
01e07ad8 T msdc_dma_cmd
01e07b60 T msdc_dma_wait_done
01e07c28 T msdc_clock
01e07c2c T msdc_card_power
01e07c30 T msdc_hard_reset
01e07c34 T msdc_dma_init
01e07ce8 T msdc_abort
01e07da0 T msdc_set_blklen
01e07e00 T msdc_alloc_bd
01e07e90 T msdc_alloc_gpd
01e07f18 T msdc_card_detect
01e07f84 T msdc_config_pin
01e08064 T msdc_host_power
01e080a0 T msdc_power
01e080e8 T msdc_dma_stop
01e0812c T msdc_dma_start
01e08140 T msdc_dma_config
01e08520 T msdc_set_driving
01e085a4 T msdc_set_timeout
01e08600 T msdc_card_avail
01e0864c T msdc_tune_bread
01e08b48 T msdc_config_bus
01e08b8c T msdc_wait_rsp
01e08ca0 T msdc_config_clksrc
01e08d24 T msdc_config_clock
01e08e98 T msdc_init
01e092a0 T msdc_send_cmd
01e094d8 T msdc_tune_cmdrsp
01e097b4 T msdc_abort_handler
01e0981c T msdc_cmd
01e09874 T msdc_dma_transfer
01e09b2c T msdc_dma_bwrite
01e09b88 T msdc_dma_bread
01e09be8 T msdc_pio_read_word
01e09d38 T msdc_pio_read
01e09d5c T mtk_uart_power_on
01e09da0 T serial_getc
01e09dd4 T serial_putc
01e09e24 T serial_puts
01e09e44 T serial_tstc
01e09e60 T serial_init
01e09e68 T custom_port_in_kernel
01e09f30 T mtk_serial_set_current_uart
01e09fa0 T serial_setbrg
01e0a0fc T mtk_serial_init
01e0a210 T gpt4_get_current_tick
01e0a220 T gpt4_tick2time_us
01e0a234 T gpt_busy_wait_us
01e0a27c T reset_timer_masked
01e0a2b8 T get_timer_masked
01e0a340 T get_timer
01e0a360 T mdelay
01e0a388 T udelay
01e0a3e4 T get_ticks
01e0a3f8 T gpt_one_shot_irq
01e0a43c T gpt_irq_ack
01e0a450 T gpt_irq_init
01e0a48c T meta_detection
01e0a53c T recovery_check_command_trigger
01e0a5b4 T recovery_check_key_trigger
01e0a674 T recovery_detection
01e0a6e0 T factory_check_key_trigger
01e0a7ac T factory_detection
01e0a7c0 T mtk_wdt_boot_check
01e0a820 T mtk_wdt_init
01e0a890 T mtk_arch_reset
01e0a8dc T mt_set_gpio_dir
01e0a954 T mt_set_gpio_pull_enable
01e0a9b0 T mt_set_gpio_out
01e0aa28 T mt_set_gpio_mode
01e0aa9c T mt_gpio_set_default
01e0abd8 T mt_power_on
01e0ac64 T mt_power_off
01e0ace8 T mt_set_pwm_enable
01e0ad14 T mt_set_pwm_enable_seqmode
01e0ad2c T mt_set_pwm_clk
01e0ad90 T mt_set_pwm_con_datasrc
01e0ade4 T mt_set_pwm_con_mode
01e0ae38 T mt_set_pwm_con_idleval
01e0ae90 T mt_set_pwm_con_guardval
01e0aee8 T mt_set_pwm_con_stpbit
01e0af58 T mt_set_pwm_con_oldmode
01e0afac T mt_set_pwm_HiDur
01e0afdc T mt_set_pwm_LowDur
01e0b00c T mt_set_pwm_GuardDur
01e0b03c T mt_set_pwm_buf0_addr
01e0b068 T mt_set_pwm_buf0_size
01e0b098 T mt_set_pwm_buf1_addr
01e0b0c4 T mt_set_pwm_buf1_size
01e0b0f4 T mt_set_pwm_send_data0
01e0b120 T mt_set_pwm_send_data1
01e0b14c T mt_set_pwm_wave_num
01e0b17c T mt_set_pwm_data_width
01e0b1ac T mt_set_pwm_thresh
01e0b1dc T mt_set_pwm_valid
01e0b238 T mt_set_pwm_delay_duration
01e0b25c T mt_set_pwm_delay_clock
01e0b278 T mt_set_pwm_disable
01e0b2b4 T pwm_set_spec_config
01e0b694 T pwm_set_easy_config
01e0b928 T mt65xx_get_logo_db_addr
01e0b938 T mt65xx_get_fb_addr
01e0b94c T mt65xx_get_fb_size
01e0b960 T mt65xx_disp_get_lcm_id
01e0b97c T video_set_lut
01e0b980 T DISP_IsLcmFound
01e0b994 T DISP_GetScreenBpp
01e0b99c T DISP_GetPages
01e0b9a4 t disp_dump_lcm_parameters
01e0ba38 t disp_drv_init_ctrl_if
01e0bd10 T mt65xx_disp_wait_idle
01e0bd50 T DISP_UpdateScreen
01e0bfc8 T mt65xx_disp_update
01e0c008 t lcm_mdelay
01e0c014 t lcm_mdelay
01e0c020 t lcm_udelay
01e0c024 t lcm_read_data
01e0c118 t lcm_send_data
01e0c1cc t lcm_send_cmd
01e0c280 t lcm_set_reset_pin
01e0c288 T disp_drv_get_lcm_driver
01e0c4f0 T DISP_DetectDevice
01e0c55c t disp_drv_init_context
01e0c658 T DISP_GetVRamSize
01e0c6ac T mt65xx_disp_get_vram_size
01e0c6b0 T DISP_GetScreenHeight
01e0c6d0 T DISP_GetScreenWidth
01e0c6f0 T DISP_PanelEnable
01e0c938 T DISP_PowerEnable
01e0c984 T mt65xx_disp_power
01e0c9bc T DISP_Init
01e0ca50 T video_hw_init
01e0cac8 T mt65xx_disp_get_lcd_time
01e0ccdc T mt65xx_disp_init
01e0d1d0 T DISP_GetDriverDBI
01e0d1e0 t disp_drv_dbi_init_context
01e0d250 t dbi_get_panel_color_format
01e0d2f8 t get_fb_size
01e0d340 t get_fb_size
01e0d388 t get_fb_size
01e0d3d0 t dbi_get_vram_size
01e0d3e8 t dbi_set_fb_addr
01e0d430 t dbi_enable_power
01e0d74c t dbi_init
01e0dafc T LCD_ConfigIfFormat
01e0db40 T LCD_SetResetSignal
01e0db60 T LCD_ConfigDSIIfFormat
01e0db9c T LCD_EnableHwTrigger
01e0dbe0 T LCD_FBSetPitch
01e0dc0c T LCD_TE_Enable
01e0dc34 T LCD_TE_SetMode
01e0dc5c T LCD_TE_SetEdgePolarity
01e0dc84 T LCD_TE_ConfigVHSyncMode
01e0dc8c T LCD_W2M_NeedLimiteSpeed
01e0dca0 T LCD_SetGMCThrottle
01e0dda4 T LCD_ReadIF
01e0deb0 T LCD_WriteIF
01e0dfb4 T LCD_SelectWriteIF
01e0e048 T LCD_PowerOn
01e0e2b0 T LCD_Set_DrivingCurrent
01e0e394 T LCD_Init_IO_pad
01e0e4ac t _WaitForEngineNotBusy
01e0e57c t _WaitForEngineNotBusy
01e0e5c0 T LCD_StartTransfer
01e0e6a0 T LCD_FBSetStartCoord
01e0e6c8 T LCD_FBSetAddress
01e0e728 T LCD_FBEnable
01e0e7bc T LCD_FBSetFormat
01e0e7f4 T LCD_WaitDPIIndication
01e0e824 T LCD_SetOutputMode
01e0e874 T LCD_SetRoiWindow
01e0e8c8 T LCD_SetBackgroundColor
01e0e8e8 T LCD_LayerSetTriggerMode
01e0ea20 T LCD_LayerSetSourceColorKey
01e0eae0 T LCD_LayerSetRotation
01e0eb90 T LCD_LayerSetFormat
01e0ec40 T LCD_LayerSetOffset
01e0ecf0 T LCD_LayerSetPitch
01e0ed94 T LCD_LayerSetSize
01e0ee44 T LCD_LayerSetAddress
01e0ef14 T LCD_LayerEnable
01e0f030 T LCD_ConfigParallelIF
01e0f2c0 T LCD_WaitForNotBusy
01e0f2d0 T LCD_PowerOff
01e0f53c T LCD_ConfigSerialIF
01e0f6ac T LCD_Init
01e0f768 T DISP_GetDriverDSI
01e0f778 T get_dsi_tmp_buffer_format
01e0f7d4 T get_lcd_tmp_buffer_format
01e0f7f0 T get_dsi_tmp_buffer_bpp
01e0f810 t disp_drv_dsi_init_context
01e0f884 t dsi_get_panel_color_format
01e0f904 t get_intermediate_buffer_size
01e0f948 t get_intermediate_buffer_size
01e0f988 t dsi_get_vram_size
01e0f9e0 t dsi_set_fb_addr
01e0fa28 t dsi_enable_power
01e0fff0 t init_lcd
01e1054c t init_assertion_layer
01e105d4 T init_dsi
01e10868 t dsi_init
01e10d24 T DSI_SetMode
01e10d40 T DSI_PHY_clk_switch
01e10d68 T DSI_clk_HS_state
01e10d7c T DSI_clk_HS_mode
01e10dc4 T DSI_Write_T0_INS
01e10dec T DSI_Write_T2_INS
01e10e54 T DSI_write_lcm_cmd
01e10e88 T DSI_write_lcm_regs
01e10ec4 T DSI_read_lcm_reg
01e10ecc T DSI_DumpRegisters
01e10f54 T DSI_EnableClk
01e10f84 T DSI_WaitForNotBusy
01e10f94 T DSI_set_cmdq
01e11060 T DSI_PHY_TIMCONFIG
01e113d0 T DSI_PowerOff
01e114dc T DSI_PowerOn
01e115ec T DSI_lane0_ULP_mode
01e11658 T DSI_clk_ULP_mode
01e116cc T DSI_Reset
01e11700 T DSI_dcs_read_lcm_reg_v2
01e11aa8 T DSI_dcs_read_lcm_reg
01e11e28 T DSI_set_cmdq_V2
01e12504 T DSI_PHY_clk_setting
01e125fc T DSI_Init
01e12680 t disp_drv_dpi_init_context
01e126cc T DISP_GetDriverDPI
01e126dc t dpi_get_panel_color_format
01e1275c T get_tmp_buffer_dpi_format
01e127b8 T get_tmp_buffer_lcd_format
01e127d4 T get_tmp_buffer_bpp
01e127f4 t dpi_get_vram_size
01e12818 t dpi_set_fb_addr
01e12860 t dpi_enable_power
01e129dc t dpi_init
01e13380 T DPI_Init_PLL
01e133f4 T DPI_PowerOn
01e13474 T DPI_PowerOff
01e134f4 T DPI_EnableClk
01e13510 T DPI_DisableClk
01e1352c T DPI_EnableSeqOutput
01e13554 T DPI_SetRGBOrder
01e13574 T DPI_ConfigDataEnable
01e1359c T DPI_ConfigVsync
01e135d8 T DPI_ConfigHsync
01e13618 T DPI_FBSyncFlipWithLCD
01e13640 T DPI_SetDSIMode
01e13668 T DPI_FBSetFormat
01e13684 T DPI_FBSetSize
01e136a4 T DPI_FBSetPitch
01e136fc T DPI_FBSetAddress
01e13750 T DPI_FBEnable
01e137dc T DPI_ConfigPixelClk
01e13890 T DPI_Set_DrivingCurrent
01e13958 T DPI_Init
01e13a34 T mt65xx_disp_fill_rect
01e13ba0 T mt65xx_disp_draw_prog_bar
01e13cbc T mt65xx_logo_get_custom_if
01e13ce4 T mt65xx_disp_enter_charging_state
01e13d0c T mt65xx_logo_decompress
01e13df8 t show_logo
01e14078 T mt65xx_disp_show_low_battery
01e140cc T mt65xx_disp_show_charger_ov_logo
01e14120 T mt65xx_disp_show_boot_logo
01e14174 T cust_show_battery_capacity
01e14234 T mt65xx_disp_show_battery_capacity
01e14270 T mt65xx_disp_show_battery_full
01e142a4 T mt6575_get_bus_freq
01e143ac T mt6575_irq_unmask
01e143d0 T mt6575_irq_mask_all
01e14448 T mt6575_irq_mask_restore
01e144bc T mt6575_irq_set_sens
01e14514 T mt6575_irq_ack
01e14524 T mt6575_init_irq
01e145f4 T mt6575_irq_set_polarity
01e14644 T BAT_PostFullModeAction
01e14678 T BattVoltToPercent
01e14758 T BAT_GetVoltage_notbat
01e148b0 T g_Get_I_Charging
01e14ba8 T select_charging_curret
01e14d50 T pmic_chrdet_status
01e14d78 T BattThermistorConverTemp
01e14e64 T BattVoltToTemp
01e14e90 T BAT_GetVoltage
01e1500c T check_point_sync_leds
01e15064 T uboot_charging_display
01e1521c T BAT_CheckBatteryStatus
01e15878 T pchr_turn_off_charging
01e15a10 T bmt_charger_ov_check
01e15adc T BAT_BatteryFullAction
01e15b38 T BAT_ChargingOTAction
01e15ba4 T BAT_BatteryStatusFailAction
01e15c00 T ChargerHwInit
01e15c98 T pchr_turn_on_charging
01e15e68 T batdrv_init
01e15f4c T BAT_TopOffModeAction
01e15fd8 T BAT_ConstantCurrentModeAction
01e161f0 T BAT_PreChargeModeAction
01e162dc T BAT_thread
01e16668 T mt65xx_bat_init
01e16c68 T pmic6329_i2c_write
01e16cd4 T pmic6329_i2c_read
01e16d08 T pmic_bank1_config_interface
01e16d78 T upmu_boost_vrsel
01e16d8c T upmu_boost_en
01e16da0 T upmu_boost_cabc_en
01e16db4 T upmu_boost_mode
01e16dc8 T upmu_boost_isink_hw_sel
01e16ddc T upmu_isinks_ch5_mode
01e16df0 T upmu_isinks_ch5_step
01e16e04 T upmu_isinks_ch4_mode
01e16e18 T upmu_isinks_ch4_step
01e16e2c T upmu_isinks_ch3_mode
01e16e40 T upmu_isinks_ch3_step
01e16e54 T upmu_isinks_ch2_mode
01e16e68 T upmu_isinks_ch2_step
01e16e7c T upmu_isinks_ch1_mode
01e16e90 T upmu_isinks_ch1_step
01e16ea4 T upmu_isinks_ch0_mode
01e16eb8 T upmu_isinks_ch0_step
01e16ecc T upmu_isinks_ch0_cabc_en
01e16ee0 T upmu_isinks_ch1_cabc_en
01e16ef4 T upmu_isinks_ch2_cabc_en
01e16f08 T upmu_isinks_ch3_cabc_en
01e16f1c T upmu_isinks_ch4_cabc_en
01e16f30 T upmu_isinks_ch5_cabc_en
01e16f44 T upmu_isinks_ch0_en
01e16f58 T upmu_isinks_ch1_en
01e16f6c T upmu_isinks_ch2_en
01e16f80 T upmu_isinks_ch3_en
01e16f94 T upmu_isinks_ch4_en
01e16fa8 T upmu_isinks_ch5_en
01e16fbc T upmu_isinks_dim2_fsel
01e16fd0 T upmu_isinks_dim2_duty
01e16fe4 T upmu_isinks_dim1_fsel
01e16ff8 T upmu_isinks_dim1_duty
01e1700c T upmu_isinks_dim0_fsel
01e17020 T upmu_isinks_dim0_duty
01e17034 T upmu_top2_bst_drv_ck_pdn
01e17048 T pmic_bank1_read_interface
01e1709c T upmu_otpc_otp_pdo_63_56
01e170c8 T upmu_otpc_otp_pdo_55_48
01e170f4 T pmic_config_interface
01e17164 T upmu_auxadc_buf_pwd_b
01e17178 T upmu_auxadc_spl_num
01e1718c T upmu_auxadc_start
01e171a0 T upmu_auxadc_ch_sel
01e171b4 T upmu_chr_vcdt_mode
01e171c8 T upmu_chr_csdac_mode
01e171dc T upmu_chr_baton_tdet_en
01e171f0 T upmu_chr_hw_cv_en
01e17204 T upmu_chr_ulc_det_en
01e17218 T upmu_chr_low_ich_db
01e1722c T upmu_chr_chrind_on
01e17240 T upmu_chr_csdac_dly
01e17254 T upmu_chr_csdac_stp
01e17268 T upmu_chr_csdac_stp_inc
01e1727c T upmu_chr_csdac_stp_dec
01e17290 T upmu_chr_bc11_rst
01e172a4 T upmu_chr_adcin_vbat_en
01e172b8 T upmu_chr_adcin_vsen_en
01e172cc T upmu_chr_adcin_vchr_en
01e172e0 T upmu_chr_chrwdt_int_en
01e172f4 T upmu_chr_chrwdt_flag_wr
01e17308 T upmu_chr_chrwdt_td
01e1731c T upmu_chr_chrwdt_en
01e17330 T upmu_chr_baton_en
01e17344 T upmu_chr_baton_ht_en
01e17358 T upmu_chr_vbat_ov_en
01e1736c T upmu_chr_vbat_ov_vth
01e17380 T upmu_chr_vbat_cs_vth
01e17394 T upmu_chr_vbat_cv_vth
01e173a8 T upmu_chr_vbat_cv_en
01e173bc T upmu_chr_cs_en
01e173d0 T upmu_chr_vcdt_lv_vth
01e173e4 T upmu_chr_vcdt_hv_vth
01e173f8 T upmu_chr_vcdt_hv_enable
01e1740c T upmu_chr_csdac_enable
01e17420 T upmu_chr_enable
01e17434 T upmu_strup_usbdl_en
01e17448 T PMIC_CUSTOM_SETTING_V1
01e175b0 T pmic_read_interface
01e17604 T upmu_get_PCHR_CHRDET
01e17630 T upmu_is_chr_det
01e17644 T upmu_get_reg_value
01e17670 T upmu_auxadc_get_trimming_data_9_8
01e1769c T upmu_auxadc_get_trimming_data_7_0
01e176c8 T upmu_auxadc_get_ch3_data_9_8
01e176f4 T upmu_auxadc_get_ch3_ready
01e17720 T upmu_auxadc_get_ch3_data_7_0
01e1774c T upmu_auxadc_get_ch2_data_9_8
01e17778 T upmu_auxadc_get_ch2_ready
01e177a4 T upmu_auxadc_get_ch2_data_7_0
01e177d0 T upmu_auxadc_get_ch1_data_9_8
01e177fc T upmu_auxadc_get_ch1_ready
01e17828 T upmu_auxadc_get_ch1_data_7_0
01e17854 T upmu_auxadc_get_ch0_ready
01e17880 T upmu_chr_get_vcdt_hv_det
01e178ac T hw_charger_type_detection
01e17bc4 T mt_charger_type_detection
01e17c3c T upmu_get_cid1
01e17c68 T upmu_get_cid0
01e17c90 T PMIC_INIT_SETTING_V1
01e18260 T mt6575_detect_homekey
01e182cc T mt6575_detect_powerkey
01e18338 T pmic_IsUsbCableIn
01e1839c T get_pmic6329_version
01e18400 T PMIC_IMM_GetOneChannelValue
01e1882c T pmic6329_get_version
01e188dc T pmic6329_init
01e18934 T virt_to_phys_addr
01e18a10 T mt6575_detect_pmic_just_rst
01e18a84 T mt6575_detect_key
01e18b30 t rtc_mktime
01e18bcc T rtc_writeif_unlock
01e18c20 T rtc_writeif_lock
01e18c4c T rtc_bbpu_power_down
01e18c80 T rtc_boot_check
01e18fa4 T i2c_v1_write
01e190dc T i2c_v1_read
01e19234 T DAL_Init
01e1923c T DAL_GetLayerSize
01e19258 T sc_mod_exit
01e1926c T dcm_enable
01e19308 T power_saving_init
01e19360 T mt6575_sleep
01e1958c T sc_mod_init
01e198f8 T LOGO_GetCustomIF
01e19920 T get_cust_led_list
01e19930 T mt6575_part_get_device
01e19988 T mt6575_part_register_device
01e199f8 t mt6575_part_generic_write
01e19cd8 T mt6575_part_generic_read
01e19f34 T mt6575_part_dump
01e19ffc T mt6575_part_get_partition
01e1a0dc T mt6575_part_init
01e1a188 T mt6575_power_off
01e1a1cc t spi_send_data
01e1a2e0 t spi_send_data
01e1a3f4 t send_ctrl_cmd
01e1a414 t send_ctrl_cmd
01e1a434 t set_lcm_register
01e1a450 t lcm_compare_id
01e1a4c8 t lcm_compare_id
01e1a540 t lcm_resume
01e1a5ec t lcm_resume
01e1a698 t lcm_suspend
01e1a744 t lcm_suspend
01e1a7f0 t lcm_init
01e1bd30 t lcm_init
01e1d92c t lcm_get_params
01e1d9d0 t lcm_get_params
01e1da78 t lcm_set_util_funcs
01e1da90 t lcm_set_util_funcs
01e1daa8 T crc32_no_comp
01e1dba4 T crc32
01e1dbb8 T print_size
01e1dcf4 T strcpy
01e1dd10 T strncpy
01e1dd38 T strcmp
01e1dd68 T strncmp
01e1ddb0 T strchr
01e1dddc T strlen
01e1ddf8 T strnlen
01e1de20 T memset
01e1de8c T memcpy
01e1def8 T simple_strtoul
01e1dfc0 T simple_strtol
01e1dfe8 T panic
01e1e038 t string
01e1e0c8 t put_dec
01e1e294 t number
01e1e4c4 T vsprintf
01e1e8f8 T sprintf
01e1e920 T inflate_fast
01e1ee6c T inflate_table
01e1f3e4 T inflateReset
01e1f480 T inflateInit2_
01e1f584 T inflateInit_
01e1f594 T inflateEnd
01e1f618 T adler32
01e1f908 T zcfree
01e1f910 T zcalloc
01e1f918 T inflate
01e20f5c T __div64_32
01e21054 T cpu_init
01e2105c T cleanup_before_linux
01e21088 T setup_meta_com_tag
01e21108 T setup_boot_tag
01e21168 T msg_img_error
01e211ec T msg_header_error
01e212c4 T setup_revision_tag
01e21310 T do_nand_boot
01e21d3c T do_msdc_boot
01e21d40 T dcache_disable
01e21d44 T icache_disable
01e21d80 T do_reset
01e21db0 T __board_video_skip
01e21db0 W board_video_skip
01e21db8 T video_set_cursor
01e21e08 T drv_video_init
01e21fa8 T IMM_GetOneChannelValue
01e220e8 T load_exist_part_tab
01e226c8 T get_part_tab_from_complier
01e227a0 T part_init_pmt
01e2292c T __div0
01e22930 R version_string
01e2295c r C.83.3379
01e22960 r tacc_mant
01e229a0 r tacc_exp
01e229c0 r tran_mant
01e229d0 r tran_exp
01e229f0 r mmc_tran_mant
01e22a00 r g_mmcTable
01e22a20 r C.41.2954
01e22a30 r C.91.3473
01e22a40 r msdc_rsp
01e22a64 r __func__.4973
01e22a78 r __func__.4960
01e22a8c r __func__.3833
01e22aa8 r TO_BPP
01e22ab4 R LCD_REG
01e22ab8 R NLI_ARB_CS
01e22abc R DPI_PAD_CON
01e22ac0 R INFRA_DRV5
01e22ac4 R INFRA_DRV6
01e22ac8 R INFRA_DRV12
01e22acc r TO_LCD_FORMAT.5269
01e22ad4 r TO_BPP.5263
01e22adc R DSI_REG
01e22ae0 R DSI_PHY_REG
01e22ae4 R DSI_CMDQ_REG
01e22ae8 r TO_LCD_FORMAT.4444
01e22af0 r TO_BPP.4438
01e22af8 R DPI_REG
01e22afc R DSI_PHY_REG_DPI
01e22b00 R PLL_SOURCE
01e22b04 R INFRA_DRV_CON1
01e22b08 R INFRA_DRV_CON2
01e22b0c R INFRA_DRV_CON12
01e22b10 R BACKUP_DPI_REG_OFFSETS
01e22b64 r C.31.5103
01e22bec r __func__.5890
01e22c04 r __FUNCTION__.3172
01e22c20 r C.31.3744
01e22c2c r C.31.3744
01e22c38 r crc_table
01e23038 r names.2999
01e23040 r digits.3218
01e23050 R hex_asc
01e23064 r lext.3559
01e230a4 r lbase.3558
01e230e4 r dext.3561
01e23124 r dbase.3560
01e23164 r lenfix
01e23964 r distfix
01e239e4 r order.3868
01e23a0c r __func__.3187
01e28a0c d env_id
01e28a10 d sbrk_base
01e28a14 d trim_threshold
01e28a18 d mmap_threshold
01e28a1c D default_environment
01e28a88 d erase_seq
01e28a8c d tab_seq
01e28a98 d g_lastlevel
01e28ab4 d gpio_dat
01e28ab8 D gpio_init_dir_data
01e28ad8 D gpio_init_pullen_data
01e28af8 D gpio_init_pullsel_data
01e28b18 D gpio_init_dout_data
01e28b38 D gpio_init_mode_data
01e28b98 D PWM_register
01e28bb4 D Batt_VoltToPercent_Table
01e28c0c D V_PRE2CC_THRES
01e28c10 D V_CC2TOPOFF_THRES
01e28c14 D V_compensate_EVB
01e28c18 D g_bl_on
01e28c1c D g_thread_count
01e28c20 D CHR_CON_0
01e28c24 D CHR_CON_1
01e28c28 D CHR_CON_2
01e28c2c D CHR_CON_4
01e28c30 D CHR_CON_6
01e28c34 D CHR_CON_9
01e28c38 D CHR_CON_10
01e28c3c D PMIC_RESERVE_CON1
01e28c40 D CSDAC_DAT_MAX
01e28c44 D CHARGING_FULL_CURRENT
01e28c48 D g_R_BAT_SENSE
01e28c4c D g_R_I_SENSE
01e28c50 D g_R_CHARGER_1
01e28c54 D g_R_CHARGER_2
01e28c58 D g_usb_state
01e28c5c D g_temp_CC_value
01e28c60 D Enable_BATDRV_LOG
01e28c64 D prog
01e28c68 D prog_first
01e28c6c D msdc_cap
01e28c7c D lcm_count
01e28c80 D _ctype
01e28d80 D init_sequence
01e28dac D lcm_driver_list
01e28db4 d _GLOBAL_OFFSET_TABLE_
01e28dc0 d C.31.2907
01e28e40 d C.85.4917
01e28e4c d C.86.4918
01e28e5c d DBI_DISP_DRV.4093
01e28e70 d DSI_DISP_DRV.5844
01e28e84 d DPI_DISP_DRV.4840
01e28e98 d av_
01e292a0 d cust_led_list
01e29364 D mt6575_parts
01e29494 D srl4317gn_qhd_nt35516_lcm_drv
01e294cc D ips3p2620_qhd_nt35516_lcm_drv
01e29504 d lcm_utils
01e29748 A __u_boot_cmd_start
01e29748 D __u_boot_cmd_nand_boot
01e29760 D __u_boot_cmd_msdc_boot
01e29778 D __u_boot_cmd_help
01e29790 D __u_boot_cmd_question_mark
01e297a8 D __u_boot_cmd_printenv
01e297c0 D __u_boot_cmd_setenv
01e297d8 D __u_boot_cmd_version
01e297f0 A __bss_start
01e297f0 A __u_boot_cmd_end
01e297f0 B boot_time
01e297f4 B monitor_flash_len
01e297f8 b ctrlc_disabled
01e297fc b ctrlc_was_pressed
01e29800 b current_mallinfo
01e29828 b top_pad
01e2982c b max_sbrked_mem
01e29830 b max_total_mem
01e29834 b n_mmaps_max
01e29838 B mem_malloc_start
01e2983c B mem_malloc_end
01e29840 B mem_malloc_brk
01e29844 B env_ptr
01e29848 b lastcommand.2921
01e29948 B console_buffer
01e29a4c b devs
01e29a88 B stdio_devices
01e29a94 B load_addr
01e29a98 b g_nr_bank
01e29a9c b g_rank_size
01e29aa0 B g_boot_arg
01e29aa4 B debug_enable
01e29aa8 B backlight_PWM_div
01e29aac B g_boot_mode
01e29ab0 B g_kmem_off
01e29ab4 B g_rmem_off
01e29ab8 B g_bimg_sz
01e29abc B g_rcimg_sz
01e29ac0 B g_fcimg_sz
01e29ac4 B g_kimg_sz
01e29ac8 B g_rimg_sz
01e29acc b sd_host
01e29b24 b sd_card
01e29dfc b g_addr_trans_tbl
01e29e04 b g_emmc_addr_trans
01e29e64 b boot_dev_found
01e29e68 b sd_dev
01e29ed4 b boot_dev
01e29eec B g_user_virt_addr
01e29ef0 B g_emmc_size
01e29ef8 B dl_buf
01e2a6f8 b msdc_gpd_pool
01e2a730 b msdc_bd_pool
01e2a770 b msdc_priv
01e2a7e0 B g_uart
01e2a7e4 B g_brg
01e2a7e8 b lastinc
01e2a7ec b timestamp
01e2a7f0 b timeout
01e2a7f2 b is_rgu_trigger_rst
01e2a7f4 B gpio_init_dinv_data
01e2a814 b pwm_status
01e2a818 B PWM_REG_OFF
01e2a81c b logo_db_addr
01e2a820 b fb_addr
01e2a824 b fb_size
01e2a828 b isLCMFound
01e2a829 b is_overlaying
01e2a82c b ctrl_if
01e2a830 b s_lcm_params
01e2a9ac b disp_drv
01e2a9b0 b vramSize.5216
01e2a9b4 b s_enabled.5039
01e2a9b5 b s_enabled.5022
01e2a9b8 b s_mt65xx_gd.4676
01e2aa48 B lcm_drv
01e2aa4c B lcm_params
01e2aa50 b _lcdContext
01e2ba20 b s_isLcdPowerOn
01e2ba21 b limit_w2m_speed
01e2ba24 B wait_time
01e2ba28 b dsiTmpBufBpp
01e2ba2c b s_tmpBuffers
01e2ba44 b s_isDsiPowerOn
01e2ba48 b _dsiContext
01e2bbb0 b s_tmpBuffers
01e2bbc8 b s_isDpiPowerOn
01e2bbcc b regBackup
01e2bc84 b logo_cust_if
01e2bc88 b g_is_500mA_charger
01e2bc8c b batteryVoltageBuffer
01e2bd04 b batteryCurrentBuffer
01e2bd7c b batterySOCBuffer
01e2bdf4 b batteryVoltageSum
01e2bdf8 b batteryCurrentSum
01e2bdfc b batterySOCSum
01e2be00 b batteryIndex
01e2be04 b CHR_Type_num
01e2be08 b charger_low_counter
01e2be0c b charger_compatible_500mA_counter
01e2be10 B g_bat_full_user_view
01e2be14 B g_Battery_Fail
01e2be18 B batteryBufferFirst
01e2be1c B g_HW_Charging_Done
01e2be20 B g_Charging_Over_Time
01e2be24 B g_SW_CHR_OUT_EN
01e2be28 B save_value
01e2be2c B CSDAC_DAT
01e2be30 B VBAT_CV_DET
01e2be34 B CS_DET
01e2be38 B g_bat_temperature_pre
01e2be3c B gADC_BAT_SENSE_temp
01e2be40 B gADC_I_SENSE_temp
01e2be44 B gADC_I_SENSE_offset
01e2be48 B g_eco_version
01e2be4c B g_E1_vbat_sense
01e2be50 B g_BatteryAverageCurrent
01e2be54 B g_chr_event
01e2be58 B bat_volt_cp_flag
01e2be5c B prog_temp
01e2be60 B g_HW_stop_charging
01e2be64 B bl_switch_timer
01e2be68 B bat_volt_check_point
01e2be6c B getVoltFlag
01e2be70 B low_bat_boot_display
01e2be74 B charger_ov_boot_display
01e2be78 B bl_switch
01e2be7c B user_view_flag
01e2be80 B get_pmic_flag
01e2be84 B BMT_status
01e2bee4 B g_ret
01e2bee8 B g_charger_in_flag
01e2beec B g_first_check
01e2bef0 b CUST_IF.3474
01e2bf04 b mt6575_part_dev
01e2bf08 b mt6575_part_buf
01e2bf0c B tempart
01e2bf1c B lastest_part
01e2c5fc b lcm_util
01e2c644 b lcm_util
01e2c68c b params
01e2c690 b pGD
01e2c694 b video_fb_address
01e2c698 b eorx
01e2c69c b bgx
01e2c6a0 b console_col
01e2c6a4 b console_row
01e2c6a8 b video_console_address
01e2c6ac b fgx
01e2c6b0 b pi
01e2c6b4 B page_buf
01e2d734 B backup_buf
01e2df34 B lastest_part32
01e2e524 A _end
